src/App.tsx(1,8): error TS6133: 'React' is declared but its value is never read.
src/App.tsx(6,1): error TS6133: 'getChainById' is declared but its value is never read.
src/components/Auth.tsx(20,67): error TS2339: Property 'env' does not exist on type 'ImportMeta'.
src/components/Auth.tsx(34,68): error TS2339: Property 'env' does not exist on type 'ImportMeta'.
src/components/ChatInterface.tsx(19,81): error TS6133: 'authToken' is declared but its value is never read.
src/components/ChatInterface.tsx(19,92): error TS6133: 'onLogout' is declared but its value is never read.
src/components/ChatInterface.tsx(155,14): error TS6133: 'getInitials' is declared but its value is never read.
src/components/LandingPage.tsx(1,1): error TS6133: 'React' is declared but its value is never read.
src/components/TransactionHistory.tsx(2,1): error TS6133: 'axios' is declared but its value is never read.
src/components/TransactionPreview.tsx(2,23): error TS6196: 'TransactionConfirmation' is declared but never used.
src/components/TransactionPreview.tsx(15,1): error TS6133: 'formatUnits' is declared but its value is never read.
src/config/chains.ts(14,57): error TS2339: Property 'env' does not exist on type 'ImportMeta'.
src/config/chains.ts(15,65): error TS2339: Property 'env' does not exist on type 'ImportMeta'.
src/config/chains.ts(29,65): error TS2339: Property 'env' does not exist on type 'ImportMeta'.
src/config/chains.ts(109,20): error TS2339: Property 'env' does not exist on type 'ImportMeta'.
src/config/chains.ts(110,22): error TS2339: Property 'env' does not exist on type 'ImportMeta'.
src/config/chains.ts(111,21): error TS2339: Property 'env' does not exist on type 'ImportMeta'.
src/utils/ai.ts(13,1): error TS6133: 'getTokenAddress' is declared but its value is never read.
src/utils/ethereum.ts(1,73): error TS6133: 'JsonRpcProvider' is declared but its value is never read.
src/utils/ethereum.ts(5,5): error TS6133: 'CHAINS' is declared but its value is never read.
src/utils/ethereum.ts(8,5): error TS6133: 'getChainById' is declared but its value is never read.
src/utils/ethereum.ts(9,5): error TS6133: 'getTokenAddress' is declared but its value is never read.
src/utils/ethereum.ts(41,36): error TS6133: 'chainId' is declared but its value is never read.
src/utils/ethereum.ts(603,13): error TS4104: The type 'readonly Log[]' is 'readonly' and cannot be assigned to the mutable type 'any[]'.
